// Jest Snapshot v1, https://goo.gl/fbAQLP

exports[`renders correctly 1`] = `
<BrowserRouter>
  <Provider
    store={
      Object {
        "dispatch": [Function],
        "getState": [Function],
        "replaceReducer": [Function],
        "subscribe": [Function],
      }
    }
  >
    <div
      className="app"
    >
      <Switch>
        <Route
          component={[Function]}
          exact={true}
          path="/"
        />
        <Route
          component={[Function]}
          path="/search"
        />
        <Route
          component={[Function]}
          path="/details/:id"
        />
        <Route
          component={[Function]}
        />
      </Switch>
    </div>
  </Provider>
</BrowserRouter>
`;
