// Jest Snapshot v1, https://goo.gl/fbAQLP

exports[`renders correctly 1`] = `
<Styled(Link)
  to="/details/undefined"
>
  <styled.img
    alt="undefined Show Poster"
    src="/public/img/posters/undefined"
  />
  <div>
    <h3 />
    <h4>
      (
      )
    </h4>
    <p />
  </div>
</Styled(Link)>
`;
